// Jest Snapshot v1, https://goo.gl/fbAQLP

exports[`NotFound Renders itself without error and only once 1`] = `
ShallowWrapper {
  Symbol(enzyme.__root__): [Circular],
  Symbol(enzyme.__unrendered__): <NotFound
    languageCode="en"
    location="/something/that/does/not/exist"
  />,
  Symbol(enzyme.__renderer__): Object {
    "batchedUpdates": [Function],
    "getNode": [Function],
    "render": [Function],
    "simulateError": [Function],
    "simulateEvent": [Function],
    "unmount": [Function],
  },
  Symbol(enzyme.__node__): Object {
    "instance": null,
    "key": undefined,
    "nodeType": "function",
    "props": Object {
      "children": Array [
        <Icon
          as="i"
          circular={true}
          color="red"
          name="eye slash outline"
          size="massive"
        />,
        <Header
          as="h1"
          content="Sorry :'("
          subheader="Could not find anything located at 'undefined'"
        />,
      ],
      "textAlign": "center",
    },
    "ref": null,
    "rendered": Array [
      Object {
        "instance": null,
        "key": undefined,
        "nodeType": "class",
        "props": Object {
          "as": "i",
          "circular": true,
          "color": "red",
          "name": "eye slash outline",
          "size": "massive",
        },
        "ref": null,
        "rendered": null,
        "type": [Function],
      },
      Object {
        "instance": null,
        "key": undefined,
        "nodeType": "function",
        "props": Object {
          "as": "h1",
          "content": "Sorry :'(",
          "subheader": "Could not find anything located at 'undefined'",
        },
        "ref": null,
        "rendered": null,
        "type": [Function],
      },
    ],
    "type": [Function],
  },
  Symbol(enzyme.__nodes__): Array [
    Object {
      "instance": null,
      "key": undefined,
      "nodeType": "function",
      "props": Object {
        "children": Array [
          <Icon
            as="i"
            circular={true}
            color="red"
            name="eye slash outline"
            size="massive"
          />,
          <Header
            as="h1"
            content="Sorry :'("
            subheader="Could not find anything located at 'undefined'"
          />,
        ],
        "textAlign": "center",
      },
      "ref": null,
      "rendered": Array [
        Object {
          "instance": null,
          "key": undefined,
          "nodeType": "class",
          "props": Object {
            "as": "i",
            "circular": true,
            "color": "red",
            "name": "eye slash outline",
            "size": "massive",
          },
          "ref": null,
          "rendered": null,
          "type": [Function],
        },
        Object {
          "instance": null,
          "key": undefined,
          "nodeType": "function",
          "props": Object {
            "as": "h1",
            "content": "Sorry :'(",
            "subheader": "Could not find anything located at 'undefined'",
          },
          "ref": null,
          "rendered": null,
          "type": [Function],
        },
      ],
      "type": [Function],
    },
  ],
  Symbol(enzyme.__options__): Object {
    "adapter": ReactSixteenAdapter {
      "options": Object {
        "enableComponentDidUpdateOnSetState": true,
        "lifecycles": Object {
          "componentDidUpdate": Object {
            "onSetState": true,
          },
          "getDerivedStateFromProps": true,
          "getSnapshotBeforeUpdate": true,
          "setState": Object {
            "skipsComponentDidUpdateOnNullish": true,
          },
        },
      },
    },
  },
}
`;
